<?xml version="1.0" encoding="ISO-8859-1" ?>
<link_info>
   <banner>MSP430 Linker PC v21.6.1.LTS</banner>
   <copyright>Copyright (c) 2003-2018 Texas Instruments Incorporated</copyright>
   <link_time>0x69914c5d</link_time>
   <link_errors>0x0</link_errors>
   <output_file>lab03.out</output_file>
   <entry_point>
      <name>_c_int00_noinit_noargs_mpu</name>
      <address>0x4400</address>
   </entry_point>
   <input_file_list>
      <input_file id="fl-2">
         <path>.\</path>
         <kind>object</kind>
         <file>main.obj</file>
         <name>main.obj</name>
      </input_file>
      <input_file id="fl-9">
         <kind>object</kind>
         <file>&lt;internal&gt;</file>
         <name>&lt;internal&gt;</name>
      </input_file>
      <input_file id="fl-29">
         <path>C:\ti\ccs2041\ccs\tools\compiler\ti-cgt-msp430_21.6.1.LTS\lib\</path>
         <kind>archive</kind>
         <file>rts430x_lc_rd_eabi.lib</file>
         <name>copy_decompress_lzss.c.obj</name>
      </input_file>
      <input_file id="fl-2a">
         <path>C:\ti\ccs2041\ccs\tools\compiler\ti-cgt-msp430_21.6.1.LTS\lib\</path>
         <kind>archive</kind>
         <file>rts430x_lc_rd_eabi.lib</file>
         <name>copy_decompress_none.c.obj</name>
      </input_file>
      <input_file id="fl-2b">
         <path>C:\ti\ccs2041\ccs\tools\compiler\ti-cgt-msp430_21.6.1.LTS\lib\</path>
         <kind>archive</kind>
         <file>rts430x_lc_rd_eabi.lib</file>
         <name>int28.asm.obj</name>
      </input_file>
      <input_file id="fl-2c">
         <path>C:\ti\ccs2041\ccs\tools\compiler\ti-cgt-msp430_21.6.1.LTS\lib\</path>
         <kind>archive</kind>
         <file>rts430x_lc_rd_eabi.lib</file>
         <name>isr_trap.asm.obj</name>
      </input_file>
      <input_file id="fl-2d">
         <path>C:\ti\ccs2041\ccs\tools\compiler\ti-cgt-msp430_21.6.1.LTS\lib\</path>
         <kind>archive</kind>
         <file>rts430x_lc_rd_eabi.lib</file>
         <name>int29.asm.obj</name>
      </input_file>
      <input_file id="fl-2e">
         <path>C:\ti\ccs2041\ccs\tools\compiler\ti-cgt-msp430_21.6.1.LTS\lib\</path>
         <kind>archive</kind>
         <file>rts430x_lc_rd_eabi.lib</file>
         <name>int30.asm.obj</name>
      </input_file>
      <input_file id="fl-2f">
         <path>C:\ti\ccs2041\ccs\tools\compiler\ti-cgt-msp430_21.6.1.LTS\lib\</path>
         <kind>archive</kind>
         <file>rts430x_lc_rd_eabi.lib</file>
         <name>int31.asm.obj</name>
      </input_file>
      <input_file id="fl-30">
         <path>C:\ti\ccs2041\ccs\tools\compiler\ti-cgt-msp430_21.6.1.LTS\lib\</path>
         <kind>archive</kind>
         <file>rts430x_lc_rd_eabi.lib</file>
         <name>int32.asm.obj</name>
      </input_file>
      <input_file id="fl-31">
         <path>C:\ti\ccs2041\ccs\tools\compiler\ti-cgt-msp430_21.6.1.LTS\lib\</path>
         <kind>archive</kind>
         <file>rts430x_lc_rd_eabi.lib</file>
         <name>int33.asm.obj</name>
      </input_file>
      <input_file id="fl-32">
         <path>C:\ti\ccs2041\ccs\tools\compiler\ti-cgt-msp430_21.6.1.LTS\lib\</path>
         <kind>archive</kind>
         <file>rts430x_lc_rd_eabi.lib</file>
         <name>int34.asm.obj</name>
      </input_file>
      <input_file id="fl-33">
         <path>C:\ti\ccs2041\ccs\tools\compiler\ti-cgt-msp430_21.6.1.LTS\lib\</path>
         <kind>archive</kind>
         <file>rts430x_lc_rd_eabi.lib</file>
         <name>int35.asm.obj</name>
      </input_file>
      <input_file id="fl-34">
         <path>C:\ti\ccs2041\ccs\tools\compiler\ti-cgt-msp430_21.6.1.LTS\lib\</path>
         <kind>archive</kind>
         <file>rts430x_lc_rd_eabi.lib</file>
         <name>int36.asm.obj</name>
      </input_file>
      <input_file id="fl-35">
         <path>C:\ti\ccs2041\ccs\tools\compiler\ti-cgt-msp430_21.6.1.LTS\lib\</path>
         <kind>archive</kind>
         <file>rts430x_lc_rd_eabi.lib</file>
         <name>int37.asm.obj</name>
      </input_file>
      <input_file id="fl-36">
         <path>C:\ti\ccs2041\ccs\tools\compiler\ti-cgt-msp430_21.6.1.LTS\lib\</path>
         <kind>archive</kind>
         <file>rts430x_lc_rd_eabi.lib</file>
         <name>int38.asm.obj</name>
      </input_file>
      <input_file id="fl-37">
         <path>C:\ti\ccs2041\ccs\tools\compiler\ti-cgt-msp430_21.6.1.LTS\lib\</path>
         <kind>archive</kind>
         <file>rts430x_lc_rd_eabi.lib</file>
         <name>int39.asm.obj</name>
      </input_file>
      <input_file id="fl-38">
         <path>C:\ti\ccs2041\ccs\tools\compiler\ti-cgt-msp430_21.6.1.LTS\lib\</path>
         <kind>archive</kind>
         <file>rts430x_lc_rd_eabi.lib</file>
         <name>int40.asm.obj</name>
      </input_file>
      <input_file id="fl-39">
         <path>C:\ti\ccs2041\ccs\tools\compiler\ti-cgt-msp430_21.6.1.LTS\lib\</path>
         <kind>archive</kind>
         <file>rts430x_lc_rd_eabi.lib</file>
         <name>int41.asm.obj</name>
      </input_file>
      <input_file id="fl-3a">
         <path>C:\ti\ccs2041\ccs\tools\compiler\ti-cgt-msp430_21.6.1.LTS\lib\</path>
         <kind>archive</kind>
         <file>rts430x_lc_rd_eabi.lib</file>
         <name>int42.asm.obj</name>
      </input_file>
      <input_file id="fl-3b">
         <path>C:\ti\ccs2041\ccs\tools\compiler\ti-cgt-msp430_21.6.1.LTS\lib\</path>
         <kind>archive</kind>
         <file>rts430x_lc_rd_eabi.lib</file>
         <name>int43.asm.obj</name>
      </input_file>
      <input_file id="fl-3c">
         <path>C:\ti\ccs2041\ccs\tools\compiler\ti-cgt-msp430_21.6.1.LTS\lib\</path>
         <kind>archive</kind>
         <file>rts430x_lc_rd_eabi.lib</file>
         <name>int44.asm.obj</name>
      </input_file>
      <input_file id="fl-3d">
         <path>C:\ti\ccs2041\ccs\tools\compiler\ti-cgt-msp430_21.6.1.LTS\lib\</path>
         <kind>archive</kind>
         <file>rts430x_lc_rd_eabi.lib</file>
         <name>int45.asm.obj</name>
      </input_file>
      <input_file id="fl-3e">
         <path>C:\ti\ccs2041\ccs\tools\compiler\ti-cgt-msp430_21.6.1.LTS\lib\</path>
         <kind>archive</kind>
         <file>rts430x_lc_rd_eabi.lib</file>
         <name>int46.asm.obj</name>
      </input_file>
      <input_file id="fl-3f">
         <path>C:\ti\ccs2041\ccs\tools\compiler\ti-cgt-msp430_21.6.1.LTS\lib\</path>
         <kind>archive</kind>
         <file>rts430x_lc_rd_eabi.lib</file>
         <name>int47.asm.obj</name>
      </input_file>
      <input_file id="fl-40">
         <path>C:\ti\ccs2041\ccs\tools\compiler\ti-cgt-msp430_21.6.1.LTS\lib\</path>
         <kind>archive</kind>
         <file>rts430x_lc_rd_eabi.lib</file>
         <name>int48.asm.obj</name>
      </input_file>
      <input_file id="fl-41">
         <path>C:\ti\ccs2041\ccs\tools\compiler\ti-cgt-msp430_21.6.1.LTS\lib\</path>
         <kind>archive</kind>
         <file>rts430x_lc_rd_eabi.lib</file>
         <name>int49.asm.obj</name>
      </input_file>
      <input_file id="fl-42">
         <path>C:\ti\ccs2041\ccs\tools\compiler\ti-cgt-msp430_21.6.1.LTS\lib\</path>
         <kind>archive</kind>
         <file>rts430x_lc_rd_eabi.lib</file>
         <name>int50.asm.obj</name>
      </input_file>
      <input_file id="fl-43">
         <path>C:\ti\ccs2041\ccs\tools\compiler\ti-cgt-msp430_21.6.1.LTS\lib\</path>
         <kind>archive</kind>
         <file>rts430x_lc_rd_eabi.lib</file>
         <name>int51.asm.obj</name>
      </input_file>
      <input_file id="fl-44">
         <path>C:\ti\ccs2041\ccs\tools\compiler\ti-cgt-msp430_21.6.1.LTS\lib\</path>
         <kind>archive</kind>
         <file>rts430x_lc_rd_eabi.lib</file>
         <name>int52.asm.obj</name>
      </input_file>
      <input_file id="fl-45">
         <path>C:\ti\ccs2041\ccs\tools\compiler\ti-cgt-msp430_21.6.1.LTS\lib\</path>
         <kind>archive</kind>
         <file>rts430x_lc_rd_eabi.lib</file>
         <name>int53.asm.obj</name>
      </input_file>
      <input_file id="fl-46">
         <path>C:\ti\ccs2041\ccs\tools\compiler\ti-cgt-msp430_21.6.1.LTS\lib\</path>
         <kind>archive</kind>
         <file>rts430x_lc_rd_eabi.lib</file>
         <name>int54.asm.obj</name>
      </input_file>
      <input_file id="fl-47">
         <path>C:\ti\ccs2041\ccs\tools\compiler\ti-cgt-msp430_21.6.1.LTS\lib\</path>
         <kind>archive</kind>
         <file>rts430x_lc_rd_eabi.lib</file>
         <name>copy_zero_init.c.obj</name>
      </input_file>
      <input_file id="fl-48">
         <path>C:\ti\ccs2041\ccs\tools\compiler\ti-cgt-msp430_21.6.1.LTS\lib\</path>
         <kind>archive</kind>
         <file>rts430x_lc_rd_eabi.lib</file>
         <name>mult16_f5hw.asm.obj</name>
      </input_file>
      <input_file id="fl-49">
         <path>C:\ti\ccs2041\ccs\tools\compiler\ti-cgt-msp430_21.6.1.LTS\lib\</path>
         <kind>archive</kind>
         <file>rts430x_lc_rd_eabi.lib</file>
         <name>mult32_f5hw.asm.obj</name>
      </input_file>
      <input_file id="fl-4a">
         <path>C:\ti\ccs2041\ccs\tools\compiler\ti-cgt-msp430_21.6.1.LTS\lib\</path>
         <kind>archive</kind>
         <file>rts430x_lc_rd_eabi.lib</file>
         <name>mult64_f5hw.asm.obj</name>
      </input_file>
      <input_file id="fl-4b">
         <path>C:\ti\ccs2041\ccs\tools\compiler\ti-cgt-msp430_21.6.1.LTS\lib\</path>
         <kind>archive</kind>
         <file>rts430x_lc_rd_eabi.lib</file>
         <name>mult1632_f5hw.asm.obj</name>
      </input_file>
      <input_file id="fl-4c">
         <path>C:\ti\ccs2041\ccs\tools\compiler\ti-cgt-msp430_21.6.1.LTS\lib\</path>
         <kind>archive</kind>
         <file>rts430x_lc_rd_eabi.lib</file>
         <name>mult3264_f5hw.asm.obj</name>
      </input_file>
      <input_file id="fl-4d">
         <path>C:\ti\ccs2041\ccs\tools\compiler\ti-cgt-msp430_21.6.1.LTS\lib\</path>
         <kind>archive</kind>
         <file>rts430x_lc_rd_eabi.lib</file>
         <name>boot.c.obj</name>
      </input_file>
      <input_file id="fl-4e">
         <path>C:\ti\ccs2041\ccs\ccs_base\msp430\lib\FR59xx\</path>
         <kind>archive</kind>
         <file>MSPMPU_INIT_LIB_CCS_msp430_large_code_restricted_data.lib</file>
         <name>mpu_init.o</name>
      </input_file>
      <input_file id="fl-4f">
         <path>C:\ti\ccs2041\ccs\tools\compiler\ti-cgt-msp430_21.6.1.LTS\lib\</path>
         <kind>archive</kind>
         <file>rts430x_lc_rd_eabi.lib</file>
         <name>args_main.c.obj</name>
      </input_file>
      <input_file id="fl-50">
         <path>C:\ti\ccs2041\ccs\tools\compiler\ti-cgt-msp430_21.6.1.LTS\lib\</path>
         <kind>archive</kind>
         <file>rts430x_lc_rd_eabi.lib</file>
         <name>autoinit.c.obj</name>
      </input_file>
      <input_file id="fl-51">
         <path>C:\ti\ccs2041\ccs\tools\compiler\ti-cgt-msp430_21.6.1.LTS\lib\</path>
         <kind>archive</kind>
         <file>rts430x_lc_rd_eabi.lib</file>
         <name>startup.c.obj</name>
      </input_file>
      <input_file id="fl-52">
         <path>C:\ti\ccs2041\ccs\tools\compiler\ti-cgt-msp430_21.6.1.LTS\lib\</path>
         <kind>archive</kind>
         <file>rts430x_lc_rd_eabi.lib</file>
         <name>pre_init.c.obj</name>
      </input_file>
      <input_file id="fl-53">
         <path>C:\ti\ccs2041\ccs\tools\compiler\ti-cgt-msp430_21.6.1.LTS\lib\</path>
         <kind>archive</kind>
         <file>rts430x_lc_rd_eabi.lib</file>
         <name>cpy_tbl.c.obj</name>
      </input_file>
      <input_file id="fl-54">
         <path>C:\ti\ccs2041\ccs\tools\compiler\ti-cgt-msp430_21.6.1.LTS\lib\</path>
         <kind>archive</kind>
         <file>rts430x_lc_rd_eabi.lib</file>
         <name>mult16.asm.obj</name>
      </input_file>
      <input_file id="fl-55">
         <path>C:\ti\ccs2041\ccs\tools\compiler\ti-cgt-msp430_21.6.1.LTS\lib\</path>
         <kind>archive</kind>
         <file>rts430x_lc_rd_eabi.lib</file>
         <name>exit.c.obj</name>
      </input_file>
      <input_file id="fl-56">
         <path>C:\ti\ccs2041\ccs\tools\compiler\ti-cgt-msp430_21.6.1.LTS\lib\</path>
         <kind>archive</kind>
         <file>rts430x_lc_rd_eabi.lib</file>
         <name>exit_gvars.c.obj</name>
      </input_file>
      <input_file id="fl-57">
         <path>C:\ti\ccs2041\ccs\tools\compiler\ti-cgt-msp430_21.6.1.LTS\lib\</path>
         <kind>archive</kind>
         <file>rts430x_lc_rd_eabi.lib</file>
         <name>_lock.c.obj</name>
      </input_file>
      <input_file id="fl-58">
         <path>C:\ti\ccs2041\ccs\tools\compiler\ti-cgt-msp430_21.6.1.LTS\lib\</path>
         <kind>archive</kind>
         <file>rts430x_lc_rd_eabi.lib</file>
         <name>memcpy.c.obj</name>
      </input_file>
   </input_file_list>
   <object_component_list>
      <object_component id="oc-7b6">
         <name>__TI_cinit_table</name>
         <load_address>0x4400</load_address>
         <run_address>0x4400</run_address>
         <size>0x0</size>
      </object_component>
      <object_component id="oc-745">
         <name>.binit</name>
         <load_address>0x4400</load_address>
         <run_address>0x4400</run_address>
         <size>0x0</size>
      </object_component>
      <object_component id="oc-638">
         <name>.text:_isr:_c_int00_noinit_noargs_mpu</name>
         <load_address>0x4400</load_address>
         <run_address>0x4400</run_address>
         <size>0x18</size>
         <input_file_ref idref="fl-4d"/>
      </object_component>
      <object_component id="oc-60f">
         <name>.text:_isr:__TI_ISR_TRAP</name>
         <load_address>0x4418</load_address>
         <run_address>0x4418</run_address>
         <size>0x8</size>
         <input_file_ref idref="fl-2c"/>
      </object_component>
      <object_component id="oc-682">
         <name>.text:__mpu_init</name>
         <load_address>0x10000</load_address>
         <run_address>0x10000</run_address>
         <size>0x2c</size>
         <input_file_ref idref="fl-4e"/>
      </object_component>
      <object_component id="oc-670">
         <name>.text:main</name>
         <load_address>0x1002c</load_address>
         <run_address>0x1002c</run_address>
         <size>0x26</size>
         <input_file_ref idref="fl-2"/>
      </object_component>
      <object_component id="oc-699">
         <name>.text:abort</name>
         <load_address>0x10052</load_address>
         <run_address>0x10052</run_address>
         <size>0x6</size>
         <input_file_ref idref="fl-55"/>
      </object_component>
      <object_component id="oc-66a">
         <name>.text:_system_pre_init</name>
         <load_address>0x10058</load_address>
         <run_address>0x10058</run_address>
         <size>0x4</size>
         <input_file_ref idref="fl-52"/>
      </object_component>
      <object_component id="oc-5f3">
         <name>.stack</name>
         <uninitialized>true</uninitialized>
         <run_address>0x2360</run_address>
         <size>0x4</size>
         <input_file_ref idref="fl-4d"/>
      </object_component>
      <object_component id="oc-7b7">
         <name>.stack</name>
         <uninitialized>true</uninitialized>
         <run_address>0x2360</run_address>
         <size>0x0</size>
      </object_component>
      <object_component id="oc-85">
         <name>.int28</name>
         <load_address>0xffc8</load_address>
         <run_address>0xffc8</run_address>
         <size>0x2</size>
         <input_file_ref idref="fl-2b"/>
      </object_component>
      <object_component id="oc-86">
         <name>.int29</name>
         <load_address>0xffca</load_address>
         <run_address>0xffca</run_address>
         <size>0x2</size>
         <input_file_ref idref="fl-2d"/>
      </object_component>
      <object_component id="oc-87">
         <name>.int30</name>
         <load_address>0xffcc</load_address>
         <run_address>0xffcc</run_address>
         <size>0x2</size>
         <input_file_ref idref="fl-2e"/>
      </object_component>
      <object_component id="oc-88">
         <name>.int31</name>
         <load_address>0xffce</load_address>
         <run_address>0xffce</run_address>
         <size>0x2</size>
         <input_file_ref idref="fl-2f"/>
      </object_component>
      <object_component id="oc-89">
         <name>.int32</name>
         <load_address>0xffd0</load_address>
         <run_address>0xffd0</run_address>
         <size>0x2</size>
         <input_file_ref idref="fl-30"/>
      </object_component>
      <object_component id="oc-8a">
         <name>.int33</name>
         <load_address>0xffd2</load_address>
         <run_address>0xffd2</run_address>
         <size>0x2</size>
         <input_file_ref idref="fl-31"/>
      </object_component>
      <object_component id="oc-8b">
         <name>.int34</name>
         <load_address>0xffd4</load_address>
         <run_address>0xffd4</run_address>
         <size>0x2</size>
         <input_file_ref idref="fl-32"/>
      </object_component>
      <object_component id="oc-8c">
         <name>.int35</name>
         <load_address>0xffd6</load_address>
         <run_address>0xffd6</run_address>
         <size>0x2</size>
         <input_file_ref idref="fl-33"/>
      </object_component>
      <object_component id="oc-8d">
         <name>.int36</name>
         <load_address>0xffd8</load_address>
         <run_address>0xffd8</run_address>
         <size>0x2</size>
         <input_file_ref idref="fl-34"/>
      </object_component>
      <object_component id="oc-8e">
         <name>.int37</name>
         <load_address>0xffda</load_address>
         <run_address>0xffda</run_address>
         <size>0x2</size>
         <input_file_ref idref="fl-35"/>
      </object_component>
      <object_component id="oc-8f">
         <name>.int38</name>
         <load_address>0xffdc</load_address>
         <run_address>0xffdc</run_address>
         <size>0x2</size>
         <input_file_ref idref="fl-36"/>
      </object_component>
      <object_component id="oc-90">
         <name>.int39</name>
         <load_address>0xffde</load_address>
         <run_address>0xffde</run_address>
         <size>0x2</size>
         <input_file_ref idref="fl-37"/>
      </object_component>
      <object_component id="oc-91">
         <name>.int40</name>
         <load_address>0xffe0</load_address>
         <run_address>0xffe0</run_address>
         <size>0x2</size>
         <input_file_ref idref="fl-38"/>
      </object_component>
      <object_component id="oc-92">
         <name>.int41</name>
         <load_address>0xffe2</load_address>
         <run_address>0xffe2</run_address>
         <size>0x2</size>
         <input_file_ref idref="fl-39"/>
      </object_component>
      <object_component id="oc-93">
         <name>.int42</name>
         <load_address>0xffe4</load_address>
         <run_address>0xffe4</run_address>
         <size>0x2</size>
         <input_file_ref idref="fl-3a"/>
      </object_component>
      <object_component id="oc-94">
         <name>.int43</name>
         <load_address>0xffe6</load_address>
         <run_address>0xffe6</run_address>
         <size>0x2</size>
         <input_file_ref idref="fl-3b"/>
      </object_component>
      <object_component id="oc-95">
         <name>.int44</name>
         <load_address>0xffe8</load_address>
         <run_address>0xffe8</run_address>
         <size>0x2</size>
         <input_file_ref idref="fl-3c"/>
      </object_component>
      <object_component id="oc-96">
         <name>.int45</name>
         <load_address>0xffea</load_address>
         <run_address>0xffea</run_address>
         <size>0x2</size>
         <input_file_ref idref="fl-3d"/>
      </object_component>
      <object_component id="oc-97">
         <name>.int46</name>
         <load_address>0xffec</load_address>
         <run_address>0xffec</run_address>
         <size>0x2</size>
         <input_file_ref idref="fl-3e"/>
      </object_component>
      <object_component id="oc-98">
         <name>.int47</name>
         <load_address>0xffee</load_address>
         <run_address>0xffee</run_address>
         <size>0x2</size>
         <input_file_ref idref="fl-3f"/>
      </object_component>
      <object_component id="oc-99">
         <name>.int48</name>
         <load_address>0xfff0</load_address>
         <run_address>0xfff0</run_address>
         <size>0x2</size>
         <input_file_ref idref="fl-40"/>
      </object_component>
      <object_component id="oc-9a">
         <name>.int49</name>
         <load_address>0xfff2</load_address>
         <run_address>0xfff2</run_address>
         <size>0x2</size>
         <input_file_ref idref="fl-41"/>
      </object_component>
      <object_component id="oc-9b">
         <name>.int50</name>
         <load_address>0xfff4</load_address>
         <run_address>0xfff4</run_address>
         <size>0x2</size>
         <input_file_ref idref="fl-42"/>
      </object_component>
      <object_component id="oc-9c">
         <name>.int51</name>
         <load_address>0xfff6</load_address>
         <run_address>0xfff6</run_address>
         <size>0x2</size>
         <input_file_ref idref="fl-43"/>
      </object_component>
      <object_component id="oc-9d">
         <name>.int52</name>
         <load_address>0xfff8</load_address>
         <run_address>0xfff8</run_address>
         <size>0x2</size>
         <input_file_ref idref="fl-44"/>
      </object_component>
      <object_component id="oc-9e">
         <name>.int53</name>
         <load_address>0xfffa</load_address>
         <run_address>0xfffa</run_address>
         <size>0x2</size>
         <input_file_ref idref="fl-45"/>
      </object_component>
      <object_component id="oc-9f">
         <name>.int54</name>
         <load_address>0xfffc</load_address>
         <run_address>0xfffc</run_address>
         <size>0x2</size>
         <input_file_ref idref="fl-46"/>
      </object_component>
      <object_component id="oc-5f6">
         <name>.reset</name>
         <load_address>0xfffe</load_address>
         <run_address>0xfffe</run_address>
         <size>0x2</size>
         <input_file_ref idref="fl-4d"/>
      </object_component>
      <object_component id="oc-673">
         <name>.debug_info</name>
         <load_address>0x0</load_address>
         <run_address>0x0</run_address>
         <size>0x105</size>
         <input_file_ref idref="fl-2"/>
      </object_component>
      <object_component id="oc-5fd">
         <name>.debug_info</name>
         <load_address>0x105</load_address>
         <run_address>0x105</run_address>
         <size>0x84</size>
         <input_file_ref idref="fl-2"/>
      </object_component>
      <object_component id="oc-610">
         <name>.debug_info</name>
         <load_address>0x189</load_address>
         <run_address>0x189</run_address>
         <size>0x10f</size>
         <input_file_ref idref="fl-2c"/>
      </object_component>
      <object_component id="oc-5f4">
         <name>.debug_info</name>
         <load_address>0x298</load_address>
         <run_address>0x298</run_address>
         <size>0x100</size>
         <input_file_ref idref="fl-4d"/>
      </object_component>
      <object_component id="oc-63a">
         <name>.debug_info</name>
         <load_address>0x398</load_address>
         <run_address>0x398</run_address>
         <size>0x190</size>
         <input_file_ref idref="fl-4d"/>
      </object_component>
      <object_component id="oc-683">
         <name>.debug_info</name>
         <load_address>0x528</load_address>
         <run_address>0x528</run_address>
         <size>0xf2</size>
         <input_file_ref idref="fl-4e"/>
      </object_component>
      <object_component id="oc-66d">
         <name>.debug_info</name>
         <load_address>0x61a</load_address>
         <run_address>0x61a</run_address>
         <size>0x153</size>
         <input_file_ref idref="fl-52"/>
      </object_component>
      <object_component id="oc-69a">
         <name>.debug_info</name>
         <load_address>0x76d</load_address>
         <run_address>0x76d</run_address>
         <size>0x122</size>
         <input_file_ref idref="fl-55"/>
      </object_component>
      <object_component id="oc-7b9">
         <name>.debug_info</name>
         <load_address>0x88f</load_address>
         <run_address>0x88f</run_address>
         <size>0xb9</size>
      </object_component>
      <object_component id="oc-671">
         <name>.debug_line</name>
         <load_address>0x0</load_address>
         <run_address>0x0</run_address>
         <size>0x47</size>
         <input_file_ref idref="fl-2"/>
      </object_component>
      <object_component id="oc-600">
         <name>.debug_line</name>
         <load_address>0x47</load_address>
         <run_address>0x47</run_address>
         <size>0x20</size>
         <input_file_ref idref="fl-2"/>
      </object_component>
      <object_component id="oc-613">
         <name>.debug_line</name>
         <load_address>0x67</load_address>
         <run_address>0x67</run_address>
         <size>0x3d</size>
         <input_file_ref idref="fl-2c"/>
      </object_component>
      <object_component id="oc-651">
         <name>.debug_line</name>
         <load_address>0xa4</load_address>
         <run_address>0xa4</run_address>
         <size>0x2a</size>
         <input_file_ref idref="fl-4d"/>
      </object_component>
      <object_component id="oc-63d">
         <name>.debug_line</name>
         <load_address>0xce</load_address>
         <run_address>0xce</run_address>
         <size>0x48</size>
         <input_file_ref idref="fl-4d"/>
      </object_component>
      <object_component id="oc-687">
         <name>.debug_line</name>
         <load_address>0x116</load_address>
         <run_address>0x116</run_address>
         <size>0x45</size>
         <input_file_ref idref="fl-4e"/>
      </object_component>
      <object_component id="oc-66b">
         <name>.debug_line</name>
         <load_address>0x15b</load_address>
         <run_address>0x15b</run_address>
         <size>0x3e</size>
         <input_file_ref idref="fl-52"/>
      </object_component>
      <object_component id="oc-69d">
         <name>.debug_line</name>
         <load_address>0x199</load_address>
         <run_address>0x199</run_address>
         <size>0x3d</size>
         <input_file_ref idref="fl-55"/>
      </object_component>
      <object_component id="oc-672">
         <name>.debug_frame</name>
         <load_address>0x0</load_address>
         <run_address>0x0</run_address>
         <size>0x3c</size>
         <input_file_ref idref="fl-2"/>
      </object_component>
      <object_component id="oc-63c">
         <name>.debug_frame</name>
         <load_address>0x3c</load_address>
         <run_address>0x3c</run_address>
         <size>0x34</size>
         <input_file_ref idref="fl-4d"/>
      </object_component>
      <object_component id="oc-686">
         <name>.debug_frame</name>
         <load_address>0xe8</load_address>
         <run_address>0xe8</run_address>
         <size>0x39</size>
         <input_file_ref idref="fl-4e"/>
      </object_component>
      <object_component id="oc-66c">
         <name>.debug_frame</name>
         <load_address>0x70</load_address>
         <run_address>0x70</run_address>
         <size>0x3c</size>
         <input_file_ref idref="fl-52"/>
      </object_component>
      <object_component id="oc-69e">
         <name>.debug_frame</name>
         <load_address>0xac</load_address>
         <run_address>0xac</run_address>
         <size>0x3c</size>
         <input_file_ref idref="fl-55"/>
      </object_component>
      <object_component id="oc-698">
         <name>.debug_abbrev</name>
         <load_address>0x0</load_address>
         <run_address>0x0</run_address>
         <size>0x44</size>
         <input_file_ref idref="fl-2"/>
      </object_component>
      <object_component id="oc-5ff">
         <name>.debug_abbrev</name>
         <load_address>0x44</load_address>
         <run_address>0x44</run_address>
         <size>0x1f</size>
         <input_file_ref idref="fl-2"/>
      </object_component>
      <object_component id="oc-661">
         <name>.debug_abbrev</name>
         <load_address>0x63</load_address>
         <run_address>0x63</run_address>
         <size>0x28</size>
         <input_file_ref idref="fl-2c"/>
      </object_component>
      <object_component id="oc-650">
         <name>.debug_abbrev</name>
         <load_address>0x8b</load_address>
         <run_address>0x8b</run_address>
         <size>0x29</size>
         <input_file_ref idref="fl-4d"/>
      </object_component>
      <object_component id="oc-688">
         <name>.debug_abbrev</name>
         <load_address>0xb4</load_address>
         <run_address>0xb4</run_address>
         <size>0x58</size>
         <input_file_ref idref="fl-4d"/>
      </object_component>
      <object_component id="oc-6d7">
         <name>.debug_abbrev</name>
         <load_address>0x10c</load_address>
         <run_address>0x10c</run_address>
         <size>0x50</size>
         <input_file_ref idref="fl-4e"/>
      </object_component>
      <object_component id="oc-697">
         <name>.debug_abbrev</name>
         <load_address>0x15c</load_address>
         <run_address>0x15c</run_address>
         <size>0x55</size>
         <input_file_ref idref="fl-52"/>
      </object_component>
      <object_component id="oc-6d8">
         <name>.debug_abbrev</name>
         <load_address>0x1b1</load_address>
         <run_address>0x1b1</run_address>
         <size>0x45</size>
         <input_file_ref idref="fl-55"/>
      </object_component>
      <object_component id="oc-7ba">
         <name>.debug_abbrev</name>
         <load_address>0x1f6</load_address>
         <run_address>0x1f6</run_address>
         <size>0xf</size>
      </object_component>
      <object_component id="oc-601">
         <name>.debug_str</name>
         <load_address>0x0</load_address>
         <run_address>0x0</run_address>
         <size>0xfd</size>
         <input_file_ref idref="fl-2"/>
      </object_component>
      <object_component id="oc-674">
         <name>.debug_aranges</name>
         <load_address>0x0</load_address>
         <run_address>0x0</run_address>
         <size>0x20</size>
         <input_file_ref idref="fl-2"/>
      </object_component>
      <object_component id="oc-611">
         <name>.debug_aranges</name>
         <load_address>0x20</load_address>
         <run_address>0x20</run_address>
         <size>0x20</size>
         <input_file_ref idref="fl-2c"/>
      </object_component>
      <object_component id="oc-639">
         <name>.debug_aranges</name>
         <load_address>0x40</load_address>
         <run_address>0x40</run_address>
         <size>0x20</size>
         <input_file_ref idref="fl-4d"/>
      </object_component>
      <object_component id="oc-684">
         <name>.debug_aranges</name>
         <load_address>0x60</load_address>
         <run_address>0x60</run_address>
         <size>0x20</size>
         <input_file_ref idref="fl-4e"/>
      </object_component>
      <object_component id="oc-66f">
         <name>.debug_aranges</name>
         <load_address>0x80</load_address>
         <run_address>0x80</run_address>
         <size>0x20</size>
         <input_file_ref idref="fl-52"/>
      </object_component>
      <object_component id="oc-69b">
         <name>.debug_aranges</name>
         <load_address>0xa0</load_address>
         <run_address>0xa0</run_address>
         <size>0x20</size>
         <input_file_ref idref="fl-55"/>
      </object_component>
      <object_component id="oc-675">
         <name>.debug_pubnames</name>
         <load_address>0x0</load_address>
         <run_address>0x0</run_address>
         <size>0x1b</size>
         <input_file_ref idref="fl-2"/>
      </object_component>
      <object_component id="oc-612">
         <name>.debug_pubnames</name>
         <load_address>0x1b</load_address>
         <run_address>0x1b</run_address>
         <size>0x2b</size>
         <input_file_ref idref="fl-2c"/>
      </object_component>
      <object_component id="oc-5f5">
         <name>.debug_pubnames</name>
         <load_address>0x46</load_address>
         <run_address>0x46</run_address>
         <size>0x1d</size>
         <input_file_ref idref="fl-4d"/>
      </object_component>
      <object_component id="oc-63b">
         <name>.debug_pubnames</name>
         <load_address>0x63</load_address>
         <run_address>0x63</run_address>
         <size>0x31</size>
         <input_file_ref idref="fl-4d"/>
      </object_component>
      <object_component id="oc-685">
         <name>.debug_pubnames</name>
         <load_address>0x94</load_address>
         <run_address>0x94</run_address>
         <size>0x21</size>
         <input_file_ref idref="fl-4e"/>
      </object_component>
      <object_component id="oc-66e">
         <name>.debug_pubnames</name>
         <load_address>0xb5</load_address>
         <run_address>0xb5</run_address>
         <size>0x27</size>
         <input_file_ref idref="fl-52"/>
      </object_component>
      <object_component id="oc-69c">
         <name>.debug_pubnames</name>
         <load_address>0xdc</load_address>
         <run_address>0xdc</run_address>
         <size>0x1c</size>
         <input_file_ref idref="fl-55"/>
      </object_component>
      <object_component id="oc-5fe">
         <name>.debug_pubtypes</name>
         <load_address>0x0</load_address>
         <run_address>0x0</run_address>
         <size>0xed</size>
         <input_file_ref idref="fl-2"/>
      </object_component>
   </object_component_list>
   <logical_group_list>
      <logical_group id="lg-4" display="no" color="cyan">
         <name>.TI.persistent</name>
         <run_address>0x4400</run_address>
         <size>0x0</size>
         <contents>
         </contents>
      </logical_group>
      <logical_group id="lg-5" display="no" color="cyan">
         <name>.cio</name>
         <run_address>0x4400</run_address>
         <size>0x0</size>
         <contents>
         </contents>
      </logical_group>
      <logical_group id="lg-6" display="no" color="cyan">
         <name>.sysmem</name>
         <run_address>0x4400</run_address>
         <size>0x0</size>
         <contents>
         </contents>
      </logical_group>
      <logical_group id="lg-3" display="no" color="cyan">
         <name>READ_WRITE_MEMORY</name>
         <run_address>0x4400</run_address>
         <size>0x0</size>
         <contents>
            <logical_group_ref idref="lg-4"/>
            <logical_group_ref idref="lg-5"/>
            <logical_group_ref idref="lg-6"/>
         </contents>
      </logical_group>
      <logical_group id="lg-8" display="no" color="cyan">
         <name>.ipestruct</name>
         <run_address>0x4400</run_address>
         <size>0x0</size>
         <contents>
         </contents>
      </logical_group>
      <logical_group id="lg-9" display="no" color="cyan">
         <name>.ipe</name>
         <run_address>0x4400</run_address>
         <size>0x0</size>
         <contents>
         </contents>
      </logical_group>
      <logical_group id="lg-a" display="no" color="cyan">
         <name>.ipe_const</name>
         <run_address>0x4400</run_address>
         <size>0x0</size>
         <contents>
         </contents>
      </logical_group>
      <logical_group id="lg-b" display="no" color="cyan">
         <name>.ipe:_isr</name>
         <run_address>0x4400</run_address>
         <size>0x0</size>
         <contents>
         </contents>
      </logical_group>
      <logical_group id="lg-c" display="no" color="cyan">
         <name>.ipe_vars</name>
         <run_address>0x4400</run_address>
         <size>0x0</size>
         <contents>
         </contents>
      </logical_group>
      <logical_group id="lg-7" display="no" color="cyan">
         <name>IPENCAPSULATED_MEMORY</name>
         <run_address>0x4400</run_address>
         <size>0x0</size>
         <contents>
            <logical_group_ref idref="lg-8"/>
            <logical_group_ref idref="lg-9"/>
            <logical_group_ref idref="lg-a"/>
            <logical_group_ref idref="lg-b"/>
            <logical_group_ref idref="lg-c"/>
         </contents>
      </logical_group>
      <logical_group id="lg-2" display="no" color="cyan">
         <name>RW_IPE</name>
         <run_address>0x4400</run_address>
         <size>0x0</size>
         <contents>
            <logical_group_ref idref="lg-3"/>
            <logical_group_ref idref="lg-7"/>
         </contents>
      </logical_group>
      <logical_group id="lg-d" display="no" color="cyan">
         <name>.cinit</name>
         <load_address>0x4400</load_address>
         <run_address>0x4400</run_address>
         <size>0x0</size>
         <contents>
            <object_component_ref idref="oc-7b6"/>
         </contents>
      </logical_group>
      <logical_group id="lg-e" display="no" color="cyan">
         <name>.pinit</name>
         <run_address>0x0</run_address>
         <size>0x0</size>
         <contents>
         </contents>
      </logical_group>
      <logical_group id="lg-f" display="no" color="cyan">
         <name>.binit</name>
         <load_address>0x4400</load_address>
         <run_address>0x4400</run_address>
         <size>0x0</size>
         <contents>
            <object_component_ref idref="oc-745"/>
         </contents>
      </logical_group>
      <logical_group id="lg-10" display="no" color="cyan">
         <name>.init_array</name>
         <run_address>0x0</run_address>
         <size>0x0</size>
         <contents>
         </contents>
      </logical_group>
      <logical_group id="lg-11" display="no" color="cyan">
         <name>.mspabi.exidx</name>
         <run_address>0x0</run_address>
         <size>0x0</size>
         <contents>
         </contents>
      </logical_group>
      <logical_group id="lg-12" display="no" color="cyan">
         <name>.mspabi.extab</name>
         <run_address>0x0</run_address>
         <size>0x0</size>
         <contents>
         </contents>
      </logical_group>
      <logical_group id="lg-13" display="no" color="cyan">
         <name>.const</name>
         <run_address>0x0</run_address>
         <size>0x0</size>
         <contents>
         </contents>
      </logical_group>
      <logical_group id="lg-14" display="no" color="cyan">
         <name>.text:_isr</name>
         <load_address>0x4400</load_address>
         <run_address>0x4400</run_address>
         <size>0x20</size>
         <contents>
            <object_component_ref idref="oc-638"/>
            <object_component_ref idref="oc-60f"/>
         </contents>
      </logical_group>
      <logical_group id="lg-7b8" display="no" color="cyan">
         <name>.text</name>
         <load_address>0x10000</load_address>
         <run_address>0x10000</run_address>
         <size>0x5c</size>
         <contents>
            <object_component_ref idref="oc-682"/>
            <object_component_ref idref="oc-670"/>
            <object_component_ref idref="oc-699"/>
            <object_component_ref idref="oc-66a"/>
         </contents>
      </logical_group>
      <split_section id="lg-15" display="no" color="cyan">
         <name>.text</name>
         <contents>
            <logical_group_ref idref="lg-7b8"/>
         </contents>
      </split_section>
      <logical_group id="lg-16" display="no" color="cyan">
         <name>.TI.ramfunc</name>
         <run_address>0x0</run_address>
         <size>0x0</size>
         <contents>
         </contents>
      </logical_group>
      <logical_group id="lg-17" display="no" color="cyan">
         <name>.jtagsignature</name>
         <run_address>0x0</run_address>
         <size>0x0</size>
         <contents>
         </contents>
      </logical_group>
      <logical_group id="lg-18" display="no" color="cyan">
         <name>.bslsignature</name>
         <run_address>0x0</run_address>
         <size>0x0</size>
         <contents>
         </contents>
      </logical_group>
      <logical_group id="lg-1a" display="no" color="cyan">
         <name>.ipesignature</name>
         <run_address>0x0</run_address>
         <size>0x0</size>
         <contents>
         </contents>
      </logical_group>
      <logical_group id="lg-1b" display="no" color="cyan">
         <name>.jtagpassword</name>
         <run_address>0x0</run_address>
         <size>0x0</size>
         <contents>
         </contents>
      </logical_group>
      <logical_group id="lg-19" display="no" color="cyan">
         <name>SIGNATURE_SHAREDMEMORY</name>
         <run_address>0x0</run_address>
         <size>0x0</size>
         <contents>
            <logical_group_ref idref="lg-1a"/>
            <logical_group_ref idref="lg-1b"/>
         </contents>
      </logical_group>
      <logical_group id="lg-1c" display="no" color="cyan">
         <name>.bss</name>
         <run_address>0x0</run_address>
         <size>0x0</size>
         <contents>
         </contents>
      </logical_group>
      <logical_group id="lg-1d" display="no" color="cyan">
         <name>.data</name>
         <run_address>0x0</run_address>
         <size>0x0</size>
         <contents>
         </contents>
      </logical_group>
      <logical_group id="lg-1e" display="no" color="cyan">
         <name>.TI.noinit</name>
         <run_address>0x0</run_address>
         <size>0x0</size>
         <contents>
         </contents>
      </logical_group>
      <logical_group id="lg-1f" display="no" color="cyan">
         <name>.stack</name>
         <run_address>0x2360</run_address>
         <size>0xa0</size>
         <contents>
            <object_component_ref idref="oc-5f3"/>
            <object_component_ref idref="oc-7b7"/>
         </contents>
      </logical_group>
      <logical_group id="lg-20" display="no" color="cyan">
         <name>.tinyram</name>
         <run_address>0x0</run_address>
         <size>0x0</size>
         <contents>
         </contents>
      </logical_group>
      <logical_group id="lg-21" display="no" color="cyan">
         <name>.infoA</name>
         <run_address>0x0</run_address>
         <size>0x0</size>
         <contents>
         </contents>
      </logical_group>
      <logical_group id="lg-22" display="no" color="cyan">
         <name>.infoB</name>
         <run_address>0x0</run_address>
         <size>0x0</size>
         <contents>
         </contents>
      </logical_group>
      <logical_group id="lg-23" display="no" color="cyan">
         <name>.infoC</name>
         <run_address>0x0</run_address>
         <size>0x0</size>
         <contents>
         </contents>
      </logical_group>
      <logical_group id="lg-24" display="no" color="cyan">
         <name>.infoD</name>
         <run_address>0x0</run_address>
         <size>0x0</size>
         <contents>
         </contents>
      </logical_group>
      <logical_group id="lg-25" display="no" color="cyan">
         <name>.int00</name>
         <run_address>0x0</run_address>
         <size>0x0</size>
         <contents>
         </contents>
      </logical_group>
      <logical_group id="lg-26" display="no" color="cyan">
         <name>.int01</name>
         <run_address>0x0</run_address>
         <size>0x0</size>
         <contents>
         </contents>
      </logical_group>
      <logical_group id="lg-27" display="no" color="cyan">
         <name>.int02</name>
         <run_address>0x0</run_address>
         <size>0x0</size>
         <contents>
         </contents>
      </logical_group>
      <logical_group id="lg-28" display="no" color="cyan">
         <name>.int03</name>
         <run_address>0x0</run_address>
         <size>0x0</size>
         <contents>
         </contents>
      </logical_group>
      <logical_group id="lg-29" display="no" color="cyan">
         <name>.int04</name>
         <run_address>0x0</run_address>
         <size>0x0</size>
         <contents>
         </contents>
      </logical_group>
      <logical_group id="lg-2a" display="no" color="cyan">
         <name>.int05</name>
         <run_address>0x0</run_address>
         <size>0x0</size>
         <contents>
         </contents>
      </logical_group>
      <logical_group id="lg-2b" display="no" color="cyan">
         <name>.int06</name>
         <run_address>0x0</run_address>
         <size>0x0</size>
         <contents>
         </contents>
      </logical_group>
      <logical_group id="lg-2c" display="no" color="cyan">
         <name>.int07</name>
         <run_address>0x0</run_address>
         <size>0x0</size>
         <contents>
         </contents>
      </logical_group>
      <logical_group id="lg-2d" display="no" color="cyan">
         <name>.int08</name>
         <run_address>0x0</run_address>
         <size>0x0</size>
         <contents>
         </contents>
      </logical_group>
      <logical_group id="lg-2e" display="no" color="cyan">
         <name>.int09</name>
         <run_address>0x0</run_address>
         <size>0x0</size>
         <contents>
         </contents>
      </logical_group>
      <logical_group id="lg-2f" display="no" color="cyan">
         <name>.int10</name>
         <run_address>0x0</run_address>
         <size>0x0</size>
         <contents>
         </contents>
      </logical_group>
      <logical_group id="lg-30" display="no" color="cyan">
         <name>.int11</name>
         <run_address>0x0</run_address>
         <size>0x0</size>
         <contents>
         </contents>
      </logical_group>
      <logical_group id="lg-31" display="no" color="cyan">
         <name>.int12</name>
         <run_address>0x0</run_address>
         <size>0x0</size>
         <contents>
         </contents>
      </logical_group>
      <logical_group id="lg-32" display="no" color="cyan">
         <name>.int13</name>
         <run_address>0x0</run_address>
         <size>0x0</size>
         <contents>
         </contents>
      </logical_group>
      <logical_group id="lg-33" display="no" color="cyan">
         <name>.int14</name>
         <run_address>0x0</run_address>
         <size>0x0</size>
         <contents>
         </contents>
      </logical_group>
      <logical_group id="lg-34" display="no" color="cyan">
         <name>.int15</name>
         <run_address>0x0</run_address>
         <size>0x0</size>
         <contents>
         </contents>
      </logical_group>
      <logical_group id="lg-35" display="no" color="cyan">
         <name>.int16</name>
         <run_address>0x0</run_address>
         <size>0x0</size>
         <contents>
         </contents>
      </logical_group>
      <logical_group id="lg-36" display="no" color="cyan">
         <name>.int17</name>
         <run_address>0x0</run_address>
         <size>0x0</size>
         <contents>
         </contents>
      </logical_group>
      <logical_group id="lg-37" display="no" color="cyan">
         <name>.int18</name>
         <run_address>0x0</run_address>
         <size>0x0</size>
         <contents>
         </contents>
      </logical_group>
      <logical_group id="lg-38" display="no" color="cyan">
         <name>.int19</name>
         <run_address>0x0</run_address>
         <size>0x0</size>
         <contents>
         </contents>
      </logical_group>
      <logical_group id="lg-39" display="no" color="cyan">
         <name>.int20</name>
         <run_address>0x0</run_address>
         <size>0x0</size>
         <contents>
         </contents>
      </logical_group>
      <logical_group id="lg-3a" display="no" color="cyan">
         <name>.int21</name>
         <run_address>0x0</run_address>
         <size>0x0</size>
         <contents>
         </contents>
      </logical_group>
      <logical_group id="lg-3b" display="no" color="cyan">
         <name>.int22</name>
         <run_address>0x0</run_address>
         <size>0x0</size>
         <contents>
         </contents>
      </logical_group>
      <logical_group id="lg-3c" display="no" color="cyan">
         <name>.int23</name>
         <run_address>0x0</run_address>
         <size>0x0</size>
         <contents>
         </contents>
      </logical_group>
      <logical_group id="lg-3d" display="no" color="cyan">
         <name>.int24</name>
         <run_address>0x0</run_address>
         <size>0x0</size>
         <contents>
         </contents>
      </logical_group>
      <logical_group id="lg-3e" display="no" color="cyan">
         <name>.int25</name>
         <run_address>0x0</run_address>
         <size>0x0</size>
         <contents>
         </contents>
      </logical_group>
      <logical_group id="lg-3f" display="no" color="cyan">
         <name>.int26</name>
         <run_address>0x0</run_address>
         <size>0x0</size>
         <contents>
         </contents>
      </logical_group>
      <logical_group id="lg-40" display="no" color="cyan">
         <name>.int27</name>
         <run_address>0x0</run_address>
         <size>0x0</size>
         <contents>
         </contents>
      </logical_group>
      <logical_group id="lg-41" display="no" color="cyan">
         <name>RTC</name>
         <load_address>0xffc8</load_address>
         <run_address>0xffc8</run_address>
         <size>0x2</size>
         <contents>
            <object_component_ref idref="oc-85"/>
         </contents>
      </logical_group>
      <logical_group id="lg-43" display="no" color="cyan">
         <name>LCD_C</name>
         <load_address>0xffca</load_address>
         <run_address>0xffca</run_address>
         <size>0x2</size>
         <contents>
            <object_component_ref idref="oc-86"/>
         </contents>
      </logical_group>
      <logical_group id="lg-45" display="no" color="cyan">
         <name>PORT4</name>
         <load_address>0xffcc</load_address>
         <run_address>0xffcc</run_address>
         <size>0x2</size>
         <contents>
            <object_component_ref idref="oc-87"/>
         </contents>
      </logical_group>
      <logical_group id="lg-47" display="no" color="cyan">
         <name>PORT3</name>
         <load_address>0xffce</load_address>
         <run_address>0xffce</run_address>
         <size>0x2</size>
         <contents>
            <object_component_ref idref="oc-88"/>
         </contents>
      </logical_group>
      <logical_group id="lg-49" display="no" color="cyan">
         <name>TIMER3_A1</name>
         <load_address>0xffd0</load_address>
         <run_address>0xffd0</run_address>
         <size>0x2</size>
         <contents>
            <object_component_ref idref="oc-89"/>
         </contents>
      </logical_group>
      <logical_group id="lg-4b" display="no" color="cyan">
         <name>TIMER3_A0</name>
         <load_address>0xffd2</load_address>
         <run_address>0xffd2</run_address>
         <size>0x2</size>
         <contents>
            <object_component_ref idref="oc-8a"/>
         </contents>
      </logical_group>
      <logical_group id="lg-4d" display="no" color="cyan">
         <name>PORT2</name>
         <load_address>0xffd4</load_address>
         <run_address>0xffd4</run_address>
         <size>0x2</size>
         <contents>
            <object_component_ref idref="oc-8b"/>
         </contents>
      </logical_group>
      <logical_group id="lg-4f" display="no" color="cyan">
         <name>TIMER2_A1</name>
         <load_address>0xffd6</load_address>
         <run_address>0xffd6</run_address>
         <size>0x2</size>
         <contents>
            <object_component_ref idref="oc-8c"/>
         </contents>
      </logical_group>
      <logical_group id="lg-51" display="no" color="cyan">
         <name>TIMER2_A0</name>
         <load_address>0xffd8</load_address>
         <run_address>0xffd8</run_address>
         <size>0x2</size>
         <contents>
            <object_component_ref idref="oc-8d"/>
         </contents>
      </logical_group>
      <logical_group id="lg-53" display="no" color="cyan">
         <name>PORT1</name>
         <load_address>0xffda</load_address>
         <run_address>0xffda</run_address>
         <size>0x2</size>
         <contents>
            <object_component_ref idref="oc-8e"/>
         </contents>
      </logical_group>
      <logical_group id="lg-55" display="no" color="cyan">
         <name>TIMER1_A1</name>
         <load_address>0xffdc</load_address>
         <run_address>0xffdc</run_address>
         <size>0x2</size>
         <contents>
            <object_component_ref idref="oc-8f"/>
         </contents>
      </logical_group>
      <logical_group id="lg-57" display="no" color="cyan">
         <name>TIMER1_A0</name>
         <load_address>0xffde</load_address>
         <run_address>0xffde</run_address>
         <size>0x2</size>
         <contents>
            <object_component_ref idref="oc-90"/>
         </contents>
      </logical_group>
      <logical_group id="lg-59" display="no" color="cyan">
         <name>DMA</name>
         <load_address>0xffe0</load_address>
         <run_address>0xffe0</run_address>
         <size>0x2</size>
         <contents>
            <object_component_ref idref="oc-91"/>
         </contents>
      </logical_group>
      <logical_group id="lg-5b" display="no" color="cyan">
         <name>USCI_B1</name>
         <load_address>0xffe2</load_address>
         <run_address>0xffe2</run_address>
         <size>0x2</size>
         <contents>
            <object_component_ref idref="oc-92"/>
         </contents>
      </logical_group>
      <logical_group id="lg-5d" display="no" color="cyan">
         <name>USCI_A1</name>
         <load_address>0xffe4</load_address>
         <run_address>0xffe4</run_address>
         <size>0x2</size>
         <contents>
            <object_component_ref idref="oc-93"/>
         </contents>
      </logical_group>
      <logical_group id="lg-5f" display="no" color="cyan">
         <name>TIMER0_A1</name>
         <load_address>0xffe6</load_address>
         <run_address>0xffe6</run_address>
         <size>0x2</size>
         <contents>
            <object_component_ref idref="oc-94"/>
         </contents>
      </logical_group>
      <logical_group id="lg-61" display="no" color="cyan">
         <name>TIMER0_A0</name>
         <load_address>0xffe8</load_address>
         <run_address>0xffe8</run_address>
         <size>0x2</size>
         <contents>
            <object_component_ref idref="oc-95"/>
         </contents>
      </logical_group>
      <logical_group id="lg-63" display="no" color="cyan">
         <name>ADC12</name>
         <load_address>0xffea</load_address>
         <run_address>0xffea</run_address>
         <size>0x2</size>
         <contents>
            <object_component_ref idref="oc-96"/>
         </contents>
      </logical_group>
      <logical_group id="lg-65" display="no" color="cyan">
         <name>USCI_B0</name>
         <load_address>0xffec</load_address>
         <run_address>0xffec</run_address>
         <size>0x2</size>
         <contents>
            <object_component_ref idref="oc-97"/>
         </contents>
      </logical_group>
      <logical_group id="lg-67" display="no" color="cyan">
         <name>USCI_A0</name>
         <load_address>0xffee</load_address>
         <run_address>0xffee</run_address>
         <size>0x2</size>
         <contents>
            <object_component_ref idref="oc-98"/>
         </contents>
      </logical_group>
      <logical_group id="lg-69" display="no" color="cyan">
         <name>ESCAN_IF</name>
         <load_address>0xfff0</load_address>
         <run_address>0xfff0</run_address>
         <size>0x2</size>
         <contents>
            <object_component_ref idref="oc-99"/>
         </contents>
      </logical_group>
      <logical_group id="lg-6b" display="no" color="cyan">
         <name>WDT</name>
         <load_address>0xfff2</load_address>
         <run_address>0xfff2</run_address>
         <size>0x2</size>
         <contents>
            <object_component_ref idref="oc-9a"/>
         </contents>
      </logical_group>
      <logical_group id="lg-6d" display="no" color="cyan">
         <name>TIMER0_B1</name>
         <load_address>0xfff4</load_address>
         <run_address>0xfff4</run_address>
         <size>0x2</size>
         <contents>
            <object_component_ref idref="oc-9b"/>
         </contents>
      </logical_group>
      <logical_group id="lg-6f" display="no" color="cyan">
         <name>TIMER0_B0</name>
         <load_address>0xfff6</load_address>
         <run_address>0xfff6</run_address>
         <size>0x2</size>
         <contents>
            <object_component_ref idref="oc-9c"/>
         </contents>
      </logical_group>
      <logical_group id="lg-71" display="no" color="cyan">
         <name>COMP_E</name>
         <load_address>0xfff8</load_address>
         <run_address>0xfff8</run_address>
         <size>0x2</size>
         <contents>
            <object_component_ref idref="oc-9d"/>
         </contents>
      </logical_group>
      <logical_group id="lg-73" display="no" color="cyan">
         <name>UNMI</name>
         <load_address>0xfffa</load_address>
         <run_address>0xfffa</run_address>
         <size>0x2</size>
         <contents>
            <object_component_ref idref="oc-9e"/>
         </contents>
      </logical_group>
      <logical_group id="lg-75" display="no" color="cyan">
         <name>SYSNMI</name>
         <load_address>0xfffc</load_address>
         <run_address>0xfffc</run_address>
         <size>0x2</size>
         <contents>
            <object_component_ref idref="oc-9f"/>
         </contents>
      </logical_group>
      <logical_group id="lg-77" display="no" color="cyan">
         <name>.reset</name>
         <load_address>0xfffe</load_address>
         <run_address>0xfffe</run_address>
         <size>0x2</size>
         <contents>
            <object_component_ref idref="oc-5f6"/>
         </contents>
      </logical_group>
      <logical_group id="lg-79d" display="never" color="cyan">
         <name>.debug_info</name>
         <load_address>0x0</load_address>
         <run_address>0x0</run_address>
         <size>0x948</size>
         <contents>
            <object_component_ref idref="oc-673"/>
            <object_component_ref idref="oc-5fd"/>
            <object_component_ref idref="oc-610"/>
            <object_component_ref idref="oc-5f4"/>
            <object_component_ref idref="oc-63a"/>
            <object_component_ref idref="oc-683"/>
            <object_component_ref idref="oc-66d"/>
            <object_component_ref idref="oc-69a"/>
            <object_component_ref idref="oc-7b9"/>
         </contents>
      </logical_group>
      <logical_group id="lg-79f" display="never" color="cyan">
         <name>.debug_line</name>
         <load_address>0x0</load_address>
         <run_address>0x0</run_address>
         <size>0x1d6</size>
         <contents>
            <object_component_ref idref="oc-671"/>
            <object_component_ref idref="oc-600"/>
            <object_component_ref idref="oc-613"/>
            <object_component_ref idref="oc-651"/>
            <object_component_ref idref="oc-63d"/>
            <object_component_ref idref="oc-687"/>
            <object_component_ref idref="oc-66b"/>
            <object_component_ref idref="oc-69d"/>
         </contents>
      </logical_group>
      <logical_group id="lg-7a1" display="never" color="cyan">
         <name>.debug_frame</name>
         <load_address>0x0</load_address>
         <run_address>0x0</run_address>
         <size>0x121</size>
         <contents>
            <object_component_ref idref="oc-672"/>
            <object_component_ref idref="oc-63c"/>
            <object_component_ref idref="oc-686"/>
            <object_component_ref idref="oc-66c"/>
            <object_component_ref idref="oc-69e"/>
         </contents>
      </logical_group>
      <logical_group id="lg-7a3" display="never" color="cyan">
         <name>.debug_abbrev</name>
         <load_address>0x0</load_address>
         <run_address>0x0</run_address>
         <size>0x205</size>
         <contents>
            <object_component_ref idref="oc-698"/>
            <object_component_ref idref="oc-5ff"/>
            <object_component_ref idref="oc-661"/>
            <object_component_ref idref="oc-650"/>
            <object_component_ref idref="oc-688"/>
            <object_component_ref idref="oc-6d7"/>
            <object_component_ref idref="oc-697"/>
            <object_component_ref idref="oc-6d8"/>
            <object_component_ref idref="oc-7ba"/>
         </contents>
      </logical_group>
      <logical_group id="lg-7a5" display="never" color="cyan">
         <name>.debug_str</name>
         <load_address>0x0</load_address>
         <run_address>0x0</run_address>
         <size>0xfd</size>
         <contents>
            <object_component_ref idref="oc-601"/>
         </contents>
      </logical_group>
      <logical_group id="lg-7a7" display="never" color="cyan">
         <name>.debug_aranges</name>
         <load_address>0x0</load_address>
         <run_address>0x0</run_address>
         <size>0xc0</size>
         <contents>
            <object_component_ref idref="oc-674"/>
            <object_component_ref idref="oc-611"/>
            <object_component_ref idref="oc-639"/>
            <object_component_ref idref="oc-684"/>
            <object_component_ref idref="oc-66f"/>
            <object_component_ref idref="oc-69b"/>
         </contents>
      </logical_group>
      <logical_group id="lg-7a9" display="never" color="cyan">
         <name>.debug_pubnames</name>
         <load_address>0x0</load_address>
         <run_address>0x0</run_address>
         <size>0xf8</size>
         <contents>
            <object_component_ref idref="oc-675"/>
            <object_component_ref idref="oc-612"/>
            <object_component_ref idref="oc-5f5"/>
            <object_component_ref idref="oc-63b"/>
            <object_component_ref idref="oc-685"/>
            <object_component_ref idref="oc-66e"/>
            <object_component_ref idref="oc-69c"/>
         </contents>
      </logical_group>
      <logical_group id="lg-7ab" display="never" color="cyan">
         <name>.debug_pubtypes</name>
         <load_address>0x0</load_address>
         <run_address>0x0</run_address>
         <size>0xed</size>
         <contents>
            <object_component_ref idref="oc-5fe"/>
         </contents>
      </logical_group>
      <logical_group id="lg-7bb" display="no" color="cyan">
         <name>$fill000</name>
         <load_address>0xff80</load_address>
         <run_address>0xff80</run_address>
         <size>0x4</size>
         <contents>
         </contents>
      </logical_group>
      <logical_group id="lg-7bd" display="no" color="cyan">
         <name>$fill001</name>
         <load_address>0xff84</load_address>
         <run_address>0xff84</run_address>
         <size>0x4</size>
         <contents>
         </contents>
      </logical_group>
      <logical_group id="lg-7bf" display="no" color="cyan">
         <name>$fill002</name>
         <load_address>0xff88</load_address>
         <run_address>0xff88</run_address>
         <size>0x8</size>
         <contents>
         </contents>
      </logical_group>
      <load_segment id="lg-7c1" display="no" color="cyan">
         <name>SEGMENT_0</name>
         <run_address>0x2360</run_address>
         <size>0xa0</size>
         <flags>0x6</flags>
         <contents>
            <logical_group_ref idref="lg-1f"/>
         </contents>
      </load_segment>
      <load_segment id="lg-7c2" display="no" color="cyan">
         <name>SEGMENT_1</name>
         <load_address>0x4400</load_address>
         <run_address>0x4400</run_address>
         <size>0x20</size>
         <flags>0x5</flags>
         <contents>
            <logical_group_ref idref="lg-14"/>
         </contents>
      </load_segment>
      <load_segment id="lg-7c3" display="no" color="cyan">
         <name>SEGMENT_2</name>
         <load_address>0xff80</load_address>
         <run_address>0xff80</run_address>
         <size>0x10</size>
         <flags>0x4</flags>
         <contents>
            <logical_group_ref idref="lg-7bb"/>
            <logical_group_ref idref="lg-7bd"/>
            <logical_group_ref idref="lg-7bf"/>
         </contents>
      </load_segment>
      <load_segment id="lg-7c4" display="no" color="cyan">
         <name>SEGMENT_3</name>
         <load_address>0xffc8</load_address>
         <run_address>0xffc8</run_address>
         <size>0x94</size>
         <flags>0x5</flags>
         <contents>
            <logical_group_ref idref="lg-41"/>
            <logical_group_ref idref="lg-43"/>
            <logical_group_ref idref="lg-45"/>
            <logical_group_ref idref="lg-47"/>
            <logical_group_ref idref="lg-49"/>
            <logical_group_ref idref="lg-4b"/>
            <logical_group_ref idref="lg-4d"/>
            <logical_group_ref idref="lg-4f"/>
            <logical_group_ref idref="lg-51"/>
            <logical_group_ref idref="lg-53"/>
            <logical_group_ref idref="lg-55"/>
            <logical_group_ref idref="lg-57"/>
            <logical_group_ref idref="lg-59"/>
            <logical_group_ref idref="lg-5b"/>
            <logical_group_ref idref="lg-5d"/>
            <logical_group_ref idref="lg-5f"/>
            <logical_group_ref idref="lg-61"/>
            <logical_group_ref idref="lg-63"/>
            <logical_group_ref idref="lg-65"/>
            <logical_group_ref idref="lg-67"/>
            <logical_group_ref idref="lg-69"/>
            <logical_group_ref idref="lg-6b"/>
            <logical_group_ref idref="lg-6d"/>
            <logical_group_ref idref="lg-6f"/>
            <logical_group_ref idref="lg-71"/>
            <logical_group_ref idref="lg-73"/>
            <logical_group_ref idref="lg-75"/>
            <logical_group_ref idref="lg-77"/>
            <logical_group_ref idref="lg-7b8"/>
         </contents>
      </load_segment>
   </logical_group_list>
   <placement_map>
      <memory_area display="no" color="green">
         <name>TINYRAM</name>
         <page_id>0x0</page_id>
         <origin>0x6</origin>
         <length>0x1a</length>
         <used_space>0x0</used_space>
         <unused_space>0x1a</unused_space>
         <attributes>RWIX</attributes>
         <usage_details>
         </usage_details>
      </memory_area>
      <memory_area display="yes" color="green">
         <name>PERIPHERALS_8BIT</name>
         <page_id>0x0</page_id>
         <origin>0x20</origin>
         <length>0xe0</length>
         <used_space>0x0</used_space>
         <unused_space>0xe0</unused_space>
         <attributes>RWIX</attributes>
         <usage_details>
         </usage_details>
      </memory_area>
      <memory_area display="yes" color="green">
         <name>PERIPHERALS_16BIT</name>
         <page_id>0x0</page_id>
         <origin>0x100</origin>
         <length>0x100</length>
         <used_space>0x0</used_space>
         <unused_space>0x100</unused_space>
         <attributes>RWIX</attributes>
         <usage_details>
         </usage_details>
      </memory_area>
      <memory_area display="yes" color="green">
         <name>INFOD</name>
         <page_id>0x0</page_id>
         <origin>0x1800</origin>
         <length>0x80</length>
         <used_space>0x0</used_space>
         <unused_space>0x80</unused_space>
         <attributes>RWIX</attributes>
         <usage_details>
         </usage_details>
      </memory_area>
      <memory_area display="yes" color="green">
         <name>INFOC</name>
         <page_id>0x0</page_id>
         <origin>0x1880</origin>
         <length>0x80</length>
         <used_space>0x0</used_space>
         <unused_space>0x80</unused_space>
         <attributes>RWIX</attributes>
         <usage_details>
         </usage_details>
      </memory_area>
      <memory_area display="yes" color="green">
         <name>INFOB</name>
         <page_id>0x0</page_id>
         <origin>0x1900</origin>
         <length>0x80</length>
         <used_space>0x0</used_space>
         <unused_space>0x80</unused_space>
         <attributes>RWIX</attributes>
         <usage_details>
         </usage_details>
      </memory_area>
      <memory_area display="yes" color="green">
         <name>INFOA</name>
         <page_id>0x0</page_id>
         <origin>0x1980</origin>
         <length>0x80</length>
         <used_space>0x0</used_space>
         <unused_space>0x80</unused_space>
         <attributes>RWIX</attributes>
         <usage_details>
         </usage_details>
      </memory_area>
      <memory_area display="yes" color="green">
         <name>RAM</name>
         <page_id>0x0</page_id>
         <origin>0x1c00</origin>
         <length>0x800</length>
         <used_space>0xa0</used_space>
         <unused_space>0x760</unused_space>
         <attributes>RWIX</attributes>
         <usage_details>
            <available_space>
               <start_address>0x1c00</start_address>
               <size>0x760</size>
            </available_space>
            <allocated_space>
               <start_address>0x2360</start_address>
               <size>0xa0</size>
               <logical_group_ref idref="lg-1f"/>
            </allocated_space>
         </usage_details>
      </memory_area>
      <memory_area display="yes" color="green">
         <name>FRAM</name>
         <page_id>0x0</page_id>
         <origin>0x4400</origin>
         <length>0xbb80</length>
         <used_space>0x20</used_space>
         <unused_space>0xbb60</unused_space>
         <attributes>RWIX</attributes>
         <usage_details>
            <allocated_space>
               <start_address>0x4400</start_address>
               <size>0x0</size>
               <logical_group_ref idref="lg-2"/>
            </allocated_space>
            <allocated_space>
               <start_address>0x4400</start_address>
               <size>0x0</size>
               <logical_group_ref idref="lg-d"/>
            </allocated_space>
            <allocated_space>
               <start_address>0x4400</start_address>
               <size>0x0</size>
               <logical_group_ref idref="lg-f"/>
            </allocated_space>
            <allocated_space>
               <start_address>0x4400</start_address>
               <size>0x20</size>
               <logical_group_ref idref="lg-14"/>
            </allocated_space>
            <available_space>
               <start_address>0x4420</start_address>
               <size>0xbb60</size>
            </available_space>
         </usage_details>
      </memory_area>
      <memory_area display="no" color="green">
         <name>JTAGSIGNATURE</name>
         <page_id>0x0</page_id>
         <origin>0xff80</origin>
         <length>0x4</length>
         <used_space>0x4</used_space>
         <unused_space>0x0</unused_space>
         <attributes>RWIX</attributes>
         <fill_value>0xffff</fill_value>
         <fill_width>0x10</fill_width>
         <virtual_fill>0x0</virtual_fill>
         <usage_details>
            <allocated_space>
               <start_address>0xff80</start_address>
               <size>0x4</size>
               <logical_group_ref idref="lg-7bb"/>
            </allocated_space>
         </usage_details>
      </memory_area>
      <memory_area display="no" color="green">
         <name>BSLSIGNATURE</name>
         <page_id>0x0</page_id>
         <origin>0xff84</origin>
         <length>0x4</length>
         <used_space>0x4</used_space>
         <unused_space>0x0</unused_space>
         <attributes>RWIX</attributes>
         <fill_value>0xffff</fill_value>
         <fill_width>0x10</fill_width>
         <virtual_fill>0x0</virtual_fill>
         <usage_details>
            <allocated_space>
               <start_address>0xff84</start_address>
               <size>0x4</size>
               <logical_group_ref idref="lg-7bd"/>
            </allocated_space>
         </usage_details>
      </memory_area>
      <memory_area display="no" color="green">
         <name>IPESIGNATURE</name>
         <page_id>0x0</page_id>
         <origin>0xff88</origin>
         <length>0x8</length>
         <used_space>0x8</used_space>
         <unused_space>0x0</unused_space>
         <attributes>RWIX</attributes>
         <fill_value>0xffff</fill_value>
         <fill_width>0x10</fill_width>
         <virtual_fill>0x0</virtual_fill>
         <usage_details>
            <allocated_space>
               <start_address>0xff88</start_address>
               <size>0x8</size>
               <logical_group_ref idref="lg-7bf"/>
            </allocated_space>
         </usage_details>
      </memory_area>
      <memory_area display="no" color="green">
         <name>INT00</name>
         <page_id>0x0</page_id>
         <origin>0xff90</origin>
         <length>0x2</length>
         <used_space>0x0</used_space>
         <unused_space>0x2</unused_space>
         <attributes>RWIX</attributes>
         <usage_details>
         </usage_details>
      </memory_area>
      <memory_area display="no" color="green">
         <name>INT01</name>
         <page_id>0x0</page_id>
         <origin>0xff92</origin>
         <length>0x2</length>
         <used_space>0x0</used_space>
         <unused_space>0x2</unused_space>
         <attributes>RWIX</attributes>
         <usage_details>
         </usage_details>
      </memory_area>
      <memory_area display="no" color="green">
         <name>INT02</name>
         <page_id>0x0</page_id>
         <origin>0xff94</origin>
         <length>0x2</length>
         <used_space>0x0</used_space>
         <unused_space>0x2</unused_space>
         <attributes>RWIX</attributes>
         <usage_details>
         </usage_details>
      </memory_area>
      <memory_area display="no" color="green">
         <name>INT03</name>
         <page_id>0x0</page_id>
         <origin>0xff96</origin>
         <length>0x2</length>
         <used_space>0x0</used_space>
         <unused_space>0x2</unused_space>
         <attributes>RWIX</attributes>
         <usage_details>
         </usage_details>
      </memory_area>
      <memory_area display="no" color="green">
         <name>INT04</name>
         <page_id>0x0</page_id>
         <origin>0xff98</origin>
         <length>0x2</length>
         <used_space>0x0</used_space>
         <unused_space>0x2</unused_space>
         <attributes>RWIX</attributes>
         <usage_details>
         </usage_details>
      </memory_area>
      <memory_area display="no" color="green">
         <name>INT05</name>
         <page_id>0x0</page_id>
         <origin>0xff9a</origin>
         <length>0x2</length>
         <used_space>0x0</used_space>
         <unused_space>0x2</unused_space>
         <attributes>RWIX</attributes>
         <usage_details>
         </usage_details>
      </memory_area>
      <memory_area display="no" color="green">
         <name>INT06</name>
         <page_id>0x0</page_id>
         <origin>0xff9c</origin>
         <length>0x2</length>
         <used_space>0x0</used_space>
         <unused_space>0x2</unused_space>
         <attributes>RWIX</attributes>
         <usage_details>
         </usage_details>
      </memory_area>
      <memory_area display="no" color="green">
         <name>INT07</name>
         <page_id>0x0</page_id>
         <origin>0xff9e</origin>
         <length>0x2</length>
         <used_space>0x0</used_space>
         <unused_space>0x2</unused_space>
         <attributes>RWIX</attributes>
         <usage_details>
         </usage_details>
      </memory_area>
      <memory_area display="no" color="green">
         <name>INT08</name>
         <page_id>0x0</page_id>
         <origin>0xffa0</origin>
         <length>0x2</length>
         <used_space>0x0</used_space>
         <unused_space>0x2</unused_space>
         <attributes>RWIX</attributes>
         <usage_details>
         </usage_details>
      </memory_area>
      <memory_area display="no" color="green">
         <name>INT09</name>
         <page_id>0x0</page_id>
         <origin>0xffa2</origin>
         <length>0x2</length>
         <used_space>0x0</used_space>
         <unused_space>0x2</unused_space>
         <attributes>RWIX</attributes>
         <usage_details>
         </usage_details>
      </memory_area>
      <memory_area display="no" color="green">
         <name>INT10</name>
         <page_id>0x0</page_id>
         <origin>0xffa4</origin>
         <length>0x2</length>
         <used_space>0x0</used_space>
         <unused_space>0x2</unused_space>
         <attributes>RWIX</attributes>
         <usage_details>
         </usage_details>
      </memory_area>
      <memory_area display="no" color="green">
         <name>INT11</name>
         <page_id>0x0</page_id>
         <origin>0xffa6</origin>
         <length>0x2</length>
         <used_space>0x0</used_space>
         <unused_space>0x2</unused_space>
         <attributes>RWIX</attributes>
         <usage_details>
         </usage_details>
      </memory_area>
      <memory_area display="no" color="green">
         <name>INT12</name>
         <page_id>0x0</page_id>
         <origin>0xffa8</origin>
         <length>0x2</length>
         <used_space>0x0</used_space>
         <unused_space>0x2</unused_space>
         <attributes>RWIX</attributes>
         <usage_details>
         </usage_details>
      </memory_area>
      <memory_area display="no" color="green">
         <name>INT13</name>
         <page_id>0x0</page_id>
         <origin>0xffaa</origin>
         <length>0x2</length>
         <used_space>0x0</used_space>
         <unused_space>0x2</unused_space>
         <attributes>RWIX</attributes>
         <usage_details>
         </usage_details>
      </memory_area>
      <memory_area display="no" color="green">
         <name>INT14</name>
         <page_id>0x0</page_id>
         <origin>0xffac</origin>
         <length>0x2</length>
         <used_space>0x0</used_space>
         <unused_space>0x2</unused_space>
         <attributes>RWIX</attributes>
         <usage_details>
         </usage_details>
      </memory_area>
      <memory_area display="no" color="green">
         <name>INT15</name>
         <page_id>0x0</page_id>
         <origin>0xffae</origin>
         <length>0x2</length>
         <used_space>0x0</used_space>
         <unused_space>0x2</unused_space>
         <attributes>RWIX</attributes>
         <usage_details>
         </usage_details>
      </memory_area>
      <memory_area display="no" color="green">
         <name>INT16</name>
         <page_id>0x0</page_id>
         <origin>0xffb0</origin>
         <length>0x2</length>
         <used_space>0x0</used_space>
         <unused_space>0x2</unused_space>
         <attributes>RWIX</attributes>
         <usage_details>
         </usage_details>
      </memory_area>
      <memory_area display="no" color="green">
         <name>INT17</name>
         <page_id>0x0</page_id>
         <origin>0xffb2</origin>
         <length>0x2</length>
         <used_space>0x0</used_space>
         <unused_space>0x2</unused_space>
         <attributes>RWIX</attributes>
         <usage_details>
         </usage_details>
      </memory_area>
      <memory_area display="no" color="green">
         <name>INT18</name>
         <page_id>0x0</page_id>
         <origin>0xffb4</origin>
         <length>0x2</length>
         <used_space>0x0</used_space>
         <unused_space>0x2</unused_space>
         <attributes>RWIX</attributes>
         <usage_details>
         </usage_details>
      </memory_area>
      <memory_area display="no" color="green">
         <name>INT19</name>
         <page_id>0x0</page_id>
         <origin>0xffb6</origin>
         <length>0x2</length>
         <used_space>0x0</used_space>
         <unused_space>0x2</unused_space>
         <attributes>RWIX</attributes>
         <usage_details>
         </usage_details>
      </memory_area>
      <memory_area display="no" color="green">
         <name>INT20</name>
         <page_id>0x0</page_id>
         <origin>0xffb8</origin>
         <length>0x2</length>
         <used_space>0x0</used_space>
         <unused_space>0x2</unused_space>
[...]
         <name>UCA1MCTLW</name>
         <value>0x5e8</value>
      </symbol>
      <symbol id="sm-4d5">
         <name>UCA1MCTLW_L</name>
         <value>0x5e8</value>
      </symbol>
      <symbol id="sm-4d6">
         <name>UCA1MCTLW_H</name>
         <value>0x5e9</value>
      </symbol>
      <symbol id="sm-4d7">
         <name>UCA1STATW</name>
         <value>0x5ea</value>
      </symbol>
      <symbol id="sm-4d8">
         <name>UCA1RXBUF</name>
         <value>0x5ec</value>
      </symbol>
      <symbol id="sm-4d9">
         <name>UCA1RXBUF_L</name>
         <value>0x5ec</value>
      </symbol>
      <symbol id="sm-4da">
         <name>UCA1RXBUF_H</name>
         <value>0x5ed</value>
      </symbol>
      <symbol id="sm-4db">
         <name>UCA1TXBUF</name>
         <value>0x5ee</value>
      </symbol>
      <symbol id="sm-4dc">
         <name>UCA1TXBUF_L</name>
         <value>0x5ee</value>
      </symbol>
      <symbol id="sm-4dd">
         <name>UCA1TXBUF_H</name>
         <value>0x5ef</value>
      </symbol>
      <symbol id="sm-4de">
         <name>UCA1ABCTL</name>
         <value>0x5f0</value>
      </symbol>
      <symbol id="sm-4df">
         <name>UCA1IRCTL</name>
         <value>0x5f2</value>
      </symbol>
      <symbol id="sm-4e0">
         <name>UCA1IRCTL_L</name>
         <value>0x5f2</value>
      </symbol>
      <symbol id="sm-4e1">
         <name>UCA1IRCTL_H</name>
         <value>0x5f3</value>
      </symbol>
      <symbol id="sm-4e2">
         <name>UCA1IE</name>
         <value>0x5fa</value>
      </symbol>
      <symbol id="sm-4e3">
         <name>UCA1IE_L</name>
         <value>0x5fa</value>
      </symbol>
      <symbol id="sm-4e4">
         <name>UCA1IE_H</name>
         <value>0x5fb</value>
      </symbol>
      <symbol id="sm-4e5">
         <name>UCA1IFG</name>
         <value>0x5fc</value>
      </symbol>
      <symbol id="sm-4e6">
         <name>UCA1IFG_L</name>
         <value>0x5fc</value>
      </symbol>
      <symbol id="sm-4e7">
         <name>UCA1IFG_H</name>
         <value>0x5fd</value>
      </symbol>
      <symbol id="sm-4e8">
         <name>UCA1IV</name>
         <value>0x5fe</value>
      </symbol>
      <symbol id="sm-4e9">
         <name>UCB0CTLW0</name>
         <value>0x640</value>
      </symbol>
      <symbol id="sm-4ea">
         <name>UCB0CTLW0_L</name>
         <value>0x640</value>
      </symbol>
      <symbol id="sm-4eb">
         <name>UCB0CTLW0_H</name>
         <value>0x641</value>
      </symbol>
      <symbol id="sm-4ec">
         <name>UCB0CTLW1</name>
         <value>0x642</value>
      </symbol>
      <symbol id="sm-4ed">
         <name>UCB0CTLW1_L</name>
         <value>0x642</value>
      </symbol>
      <symbol id="sm-4ee">
         <name>UCB0CTLW1_H</name>
         <value>0x643</value>
      </symbol>
      <symbol id="sm-4ef">
         <name>UCB0BRW</name>
         <value>0x646</value>
      </symbol>
      <symbol id="sm-4f0">
         <name>UCB0BRW_L</name>
         <value>0x646</value>
      </symbol>
      <symbol id="sm-4f1">
         <name>UCB0BRW_H</name>
         <value>0x647</value>
      </symbol>
      <symbol id="sm-4f2">
         <name>UCB0STATW</name>
         <value>0x648</value>
      </symbol>
      <symbol id="sm-4f3">
         <name>UCB0STATW_L</name>
         <value>0x648</value>
      </symbol>
      <symbol id="sm-4f4">
         <name>UCB0STATW_H</name>
         <value>0x649</value>
      </symbol>
      <symbol id="sm-4f5">
         <name>UCB0TBCNT</name>
         <value>0x64a</value>
      </symbol>
      <symbol id="sm-4f6">
         <name>UCB0TBCNT_L</name>
         <value>0x64a</value>
      </symbol>
      <symbol id="sm-4f7">
         <name>UCB0TBCNT_H</name>
         <value>0x64b</value>
      </symbol>
      <symbol id="sm-4f8">
         <name>UCB0RXBUF</name>
         <value>0x64c</value>
      </symbol>
      <symbol id="sm-4f9">
         <name>UCB0RXBUF_L</name>
         <value>0x64c</value>
      </symbol>
      <symbol id="sm-4fa">
         <name>UCB0RXBUF_H</name>
         <value>0x64d</value>
      </symbol>
      <symbol id="sm-4fb">
         <name>UCB0TXBUF</name>
         <value>0x64e</value>
      </symbol>
      <symbol id="sm-4fc">
         <name>UCB0TXBUF_L</name>
         <value>0x64e</value>
      </symbol>
      <symbol id="sm-4fd">
         <name>UCB0TXBUF_H</name>
         <value>0x64f</value>
      </symbol>
      <symbol id="sm-4fe">
         <name>UCB0I2COA0</name>
         <value>0x654</value>
      </symbol>
      <symbol id="sm-4ff">
         <name>UCB0I2COA0_L</name>
         <value>0x654</value>
      </symbol>
      <symbol id="sm-500">
         <name>UCB0I2COA0_H</name>
         <value>0x655</value>
      </symbol>
      <symbol id="sm-501">
         <name>UCB0I2COA1</name>
         <value>0x656</value>
      </symbol>
      <symbol id="sm-502">
         <name>UCB0I2COA1_L</name>
         <value>0x656</value>
      </symbol>
      <symbol id="sm-503">
         <name>UCB0I2COA1_H</name>
         <value>0x657</value>
      </symbol>
      <symbol id="sm-504">
         <name>UCB0I2COA2</name>
         <value>0x658</value>
      </symbol>
      <symbol id="sm-505">
         <name>UCB0I2COA2_L</name>
         <value>0x658</value>
      </symbol>
      <symbol id="sm-506">
         <name>UCB0I2COA2_H</name>
         <value>0x659</value>
      </symbol>
      <symbol id="sm-507">
         <name>UCB0I2COA3</name>
         <value>0x65a</value>
      </symbol>
      <symbol id="sm-508">
         <name>UCB0I2COA3_L</name>
         <value>0x65a</value>
      </symbol>
      <symbol id="sm-509">
         <name>UCB0I2COA3_H</name>
         <value>0x65b</value>
      </symbol>
      <symbol id="sm-50a">
         <name>UCB0ADDRX</name>
         <value>0x65c</value>
      </symbol>
      <symbol id="sm-50b">
         <name>UCB0ADDRX_L</name>
         <value>0x65c</value>
      </symbol>
      <symbol id="sm-50c">
         <name>UCB0ADDRX_H</name>
         <value>0x65d</value>
      </symbol>
      <symbol id="sm-50d">
         <name>UCB0ADDMASK</name>
         <value>0x65e</value>
      </symbol>
      <symbol id="sm-50e">
         <name>UCB0ADDMASK_L</name>
         <value>0x65e</value>
      </symbol>
      <symbol id="sm-50f">
         <name>UCB0ADDMASK_H</name>
         <value>0x65f</value>
      </symbol>
      <symbol id="sm-510">
         <name>UCB0I2CSA</name>
         <value>0x660</value>
      </symbol>
      <symbol id="sm-511">
         <name>UCB0I2CSA_L</name>
         <value>0x660</value>
      </symbol>
      <symbol id="sm-512">
         <name>UCB0I2CSA_H</name>
         <value>0x661</value>
      </symbol>
      <symbol id="sm-513">
         <name>UCB0IE</name>
         <value>0x66a</value>
      </symbol>
      <symbol id="sm-514">
         <name>UCB0IE_L</name>
         <value>0x66a</value>
      </symbol>
      <symbol id="sm-515">
         <name>UCB0IE_H</name>
         <value>0x66b</value>
      </symbol>
      <symbol id="sm-516">
         <name>UCB0IFG</name>
         <value>0x66c</value>
      </symbol>
      <symbol id="sm-517">
         <name>UCB0IFG_L</name>
         <value>0x66c</value>
      </symbol>
      <symbol id="sm-518">
         <name>UCB0IFG_H</name>
         <value>0x66d</value>
      </symbol>
      <symbol id="sm-519">
         <name>UCB0IV</name>
         <value>0x66e</value>
      </symbol>
      <symbol id="sm-51a">
         <name>UCB1CTLW0</name>
         <value>0x680</value>
      </symbol>
      <symbol id="sm-51b">
         <name>UCB1CTLW0_L</name>
         <value>0x680</value>
      </symbol>
      <symbol id="sm-51c">
         <name>UCB1CTLW0_H</name>
         <value>0x681</value>
      </symbol>
      <symbol id="sm-51d">
         <name>UCB1CTLW1</name>
         <value>0x682</value>
      </symbol>
      <symbol id="sm-51e">
         <name>UCB1CTLW1_L</name>
         <value>0x682</value>
      </symbol>
      <symbol id="sm-51f">
         <name>UCB1CTLW1_H</name>
         <value>0x683</value>
      </symbol>
      <symbol id="sm-520">
         <name>UCB1BRW</name>
         <value>0x686</value>
      </symbol>
      <symbol id="sm-521">
         <name>UCB1BRW_L</name>
         <value>0x686</value>
      </symbol>
      <symbol id="sm-522">
         <name>UCB1BRW_H</name>
         <value>0x687</value>
      </symbol>
      <symbol id="sm-523">
         <name>UCB1STATW</name>
         <value>0x688</value>
      </symbol>
      <symbol id="sm-524">
         <name>UCB1STATW_L</name>
         <value>0x688</value>
      </symbol>
      <symbol id="sm-525">
         <name>UCB1STATW_H</name>
         <value>0x689</value>
      </symbol>
      <symbol id="sm-526">
         <name>UCB1TBCNT</name>
         <value>0x68a</value>
      </symbol>
      <symbol id="sm-527">
         <name>UCB1TBCNT_L</name>
         <value>0x68a</value>
      </symbol>
      <symbol id="sm-528">
         <name>UCB1TBCNT_H</name>
         <value>0x68b</value>
      </symbol>
      <symbol id="sm-529">
         <name>UCB1RXBUF</name>
         <value>0x68c</value>
      </symbol>
      <symbol id="sm-52a">
         <name>UCB1RXBUF_L</name>
         <value>0x68c</value>
      </symbol>
      <symbol id="sm-52b">
         <name>UCB1RXBUF_H</name>
         <value>0x68d</value>
      </symbol>
      <symbol id="sm-52c">
         <name>UCB1TXBUF</name>
         <value>0x68e</value>
      </symbol>
      <symbol id="sm-52d">
         <name>UCB1TXBUF_L</name>
         <value>0x68e</value>
      </symbol>
      <symbol id="sm-52e">
         <name>UCB1TXBUF_H</name>
         <value>0x68f</value>
      </symbol>
      <symbol id="sm-52f">
         <name>UCB1I2COA0</name>
         <value>0x694</value>
      </symbol>
      <symbol id="sm-530">
         <name>UCB1I2COA0_L</name>
         <value>0x694</value>
      </symbol>
      <symbol id="sm-531">
         <name>UCB1I2COA0_H</name>
         <value>0x695</value>
      </symbol>
      <symbol id="sm-532">
         <name>UCB1I2COA1</name>
         <value>0x696</value>
      </symbol>
      <symbol id="sm-533">
         <name>UCB1I2COA1_L</name>
         <value>0x696</value>
      </symbol>
      <symbol id="sm-534">
         <name>UCB1I2COA1_H</name>
         <value>0x697</value>
      </symbol>
      <symbol id="sm-535">
         <name>UCB1I2COA2</name>
         <value>0x698</value>
      </symbol>
      <symbol id="sm-536">
         <name>UCB1I2COA2_L</name>
         <value>0x698</value>
      </symbol>
      <symbol id="sm-537">
         <name>UCB1I2COA2_H</name>
         <value>0x699</value>
      </symbol>
      <symbol id="sm-538">
         <name>UCB1I2COA3</name>
         <value>0x69a</value>
      </symbol>
      <symbol id="sm-539">
         <name>UCB1I2COA3_L</name>
         <value>0x69a</value>
      </symbol>
      <symbol id="sm-53a">
         <name>UCB1I2COA3_H</name>
         <value>0x69b</value>
      </symbol>
      <symbol id="sm-53b">
         <name>UCB1ADDRX</name>
         <value>0x69c</value>
      </symbol>
      <symbol id="sm-53c">
         <name>UCB1ADDRX_L</name>
         <value>0x69c</value>
      </symbol>
      <symbol id="sm-53d">
         <name>UCB1ADDRX_H</name>
         <value>0x69d</value>
      </symbol>
      <symbol id="sm-53e">
         <name>UCB1ADDMASK</name>
         <value>0x69e</value>
      </symbol>
      <symbol id="sm-53f">
         <name>UCB1ADDMASK_L</name>
         <value>0x69e</value>
      </symbol>
      <symbol id="sm-540">
         <name>UCB1ADDMASK_H</name>
         <value>0x69f</value>
      </symbol>
      <symbol id="sm-541">
         <name>UCB1I2CSA</name>
         <value>0x6a0</value>
      </symbol>
      <symbol id="sm-542">
         <name>UCB1I2CSA_L</name>
         <value>0x6a0</value>
      </symbol>
      <symbol id="sm-543">
         <name>UCB1I2CSA_H</name>
         <value>0x6a1</value>
      </symbol>
      <symbol id="sm-544">
         <name>UCB1IE</name>
         <value>0x6aa</value>
      </symbol>
      <symbol id="sm-545">
         <name>UCB1IE_L</name>
         <value>0x6aa</value>
      </symbol>
      <symbol id="sm-546">
         <name>UCB1IE_H</name>
         <value>0x6ab</value>
      </symbol>
      <symbol id="sm-547">
         <name>UCB1IFG</name>
         <value>0x6ac</value>
      </symbol>
      <symbol id="sm-548">
         <name>UCB1IFG_L</name>
         <value>0x6ac</value>
      </symbol>
      <symbol id="sm-549">
         <name>UCB1IFG_H</name>
         <value>0x6ad</value>
      </symbol>
      <symbol id="sm-54a">
         <name>UCB1IV</name>
         <value>0x6ae</value>
      </symbol>
      <symbol id="sm-54b">
         <name>WDTCTL</name>
         <value>0x15c</value>
      </symbol>
      <symbol id="sm-54c">
         <name>WDTCTL_L</name>
         <value>0x15c</value>
      </symbol>
      <symbol id="sm-54d">
         <name>WDTCTL_H</name>
         <value>0x15d</value>
      </symbol>
      <symbol id="sm-54e">
         <name>fram_rw_start</name>
         <value>0x4400</value>
      </symbol>
      <symbol id="sm-54f">
         <name>fram_ipe_start</name>
         <value>0x4400</value>
      </symbol>
      <symbol id="sm-550">
         <name>fram_ipe_end</name>
         <value>0x4400</value>
      </symbol>
      <symbol id="sm-551">
         <name>fram_rx_start</name>
         <value>0x4400</value>
      </symbol>
      <symbol id="sm-552">
         <name>__TI_CINIT_Base</name>
         <value>0x4400</value>
      </symbol>
      <symbol id="sm-553">
         <name>__TI_CINIT_Limit</name>
         <value>0x4400</value>
      </symbol>
      <symbol id="sm-554">
         <name>__TI_CINIT_Warm</name>
         <value>0x4400</value>
      </symbol>
      <symbol id="sm-555">
         <name>__STACK_SIZE</name>
         <value>0xa0</value>
      </symbol>
      <symbol id="sm-556">
         <name>__STACK_END</name>
         <value>0x2400</value>
      </symbol>
      <symbol id="sm-557">
         <name>__c_args__</name>
         <value>0xffffffff</value>
      </symbol>
      <symbol id="sm-558">
         <name>__TI_pprof_out_hndl</name>
         <value>0xffffffff</value>
      </symbol>
      <symbol id="sm-559">
         <name>__TI_prof_data_start</name>
         <value>0xffffffff</value>
      </symbol>
      <symbol id="sm-55a">
         <name>__TI_prof_data_size</name>
         <value>0xffffffff</value>
      </symbol>
      <symbol id="sm-5cc">
         <name>main</name>
         <value>0x1002c</value>
         <object_component_ref idref="oc-670"/>
      </symbol>
      <symbol id="sm-5d2">
         <name>__TI_int28</name>
         <value>0xffc8</value>
         <object_component_ref idref="oc-85"/>
      </symbol>
      <symbol id="sm-5da">
         <name>__TI_ISR_TRAP</name>
         <value>0x4418</value>
         <object_component_ref idref="oc-60f"/>
      </symbol>
      <symbol id="sm-5dd">
         <name>__TI_int29</name>
         <value>0xffca</value>
         <object_component_ref idref="oc-86"/>
      </symbol>
      <symbol id="sm-5e0">
         <name>__TI_int30</name>
         <value>0xffcc</value>
         <object_component_ref idref="oc-87"/>
      </symbol>
      <symbol id="sm-5e3">
         <name>__TI_int31</name>
         <value>0xffce</value>
         <object_component_ref idref="oc-88"/>
      </symbol>
      <symbol id="sm-5e6">
         <name>__TI_int32</name>
         <value>0xffd0</value>
         <object_component_ref idref="oc-89"/>
      </symbol>
      <symbol id="sm-5e9">
         <name>__TI_int33</name>
         <value>0xffd2</value>
         <object_component_ref idref="oc-8a"/>
      </symbol>
      <symbol id="sm-5ec">
         <name>__TI_int34</name>
         <value>0xffd4</value>
         <object_component_ref idref="oc-8b"/>
      </symbol>
      <symbol id="sm-5ef">
         <name>__TI_int35</name>
         <value>0xffd6</value>
         <object_component_ref idref="oc-8c"/>
      </symbol>
      <symbol id="sm-5f2">
         <name>__TI_int36</name>
         <value>0xffd8</value>
         <object_component_ref idref="oc-8d"/>
      </symbol>
      <symbol id="sm-5f5">
         <name>__TI_int37</name>
         <value>0xffda</value>
         <object_component_ref idref="oc-8e"/>
      </symbol>
      <symbol id="sm-5f8">
         <name>__TI_int38</name>
         <value>0xffdc</value>
         <object_component_ref idref="oc-8f"/>
      </symbol>
      <symbol id="sm-5fb">
         <name>__TI_int39</name>
         <value>0xffde</value>
         <object_component_ref idref="oc-90"/>
      </symbol>
      <symbol id="sm-5fe">
         <name>__TI_int40</name>
         <value>0xffe0</value>
         <object_component_ref idref="oc-91"/>
      </symbol>
      <symbol id="sm-601">
         <name>__TI_int41</name>
         <value>0xffe2</value>
         <object_component_ref idref="oc-92"/>
      </symbol>
      <symbol id="sm-604">
         <name>__TI_int42</name>
         <value>0xffe4</value>
         <object_component_ref idref="oc-93"/>
      </symbol>
      <symbol id="sm-607">
         <name>__TI_int43</name>
         <value>0xffe6</value>
         <object_component_ref idref="oc-94"/>
      </symbol>
      <symbol id="sm-60a">
         <name>__TI_int44</name>
         <value>0xffe8</value>
         <object_component_ref idref="oc-95"/>
      </symbol>
      <symbol id="sm-60d">
         <name>__TI_int45</name>
         <value>0xffea</value>
         <object_component_ref idref="oc-96"/>
      </symbol>
      <symbol id="sm-610">
         <name>__TI_int46</name>
         <value>0xffec</value>
         <object_component_ref idref="oc-97"/>
      </symbol>
      <symbol id="sm-613">
         <name>__TI_int47</name>
         <value>0xffee</value>
         <object_component_ref idref="oc-98"/>
      </symbol>
      <symbol id="sm-616">
         <name>__TI_int48</name>
         <value>0xfff0</value>
         <object_component_ref idref="oc-99"/>
      </symbol>
      <symbol id="sm-619">
         <name>__TI_int49</name>
         <value>0xfff2</value>
         <object_component_ref idref="oc-9a"/>
      </symbol>
      <symbol id="sm-61c">
         <name>__TI_int50</name>
         <value>0xfff4</value>
         <object_component_ref idref="oc-9b"/>
      </symbol>
      <symbol id="sm-61f">
         <name>__TI_int51</name>
         <value>0xfff6</value>
         <object_component_ref idref="oc-9c"/>
      </symbol>
      <symbol id="sm-622">
         <name>__TI_int52</name>
         <value>0xfff8</value>
         <object_component_ref idref="oc-9d"/>
      </symbol>
      <symbol id="sm-625">
         <name>__TI_int53</name>
         <value>0xfffa</value>
         <object_component_ref idref="oc-9e"/>
      </symbol>
      <symbol id="sm-628">
         <name>__TI_int54</name>
         <value>0xfffc</value>
         <object_component_ref idref="oc-9f"/>
      </symbol>
      <symbol id="sm-63d">
         <name>_c_int00_noinit_noargs_mpu</name>
         <value>0x4400</value>
         <object_component_ref idref="oc-638"/>
      </symbol>
      <symbol id="sm-63e">
         <name>_stack</name>
         <value>0x2360</value>
         <object_component_ref idref="oc-5f3"/>
      </symbol>
      <symbol id="sm-63f">
         <name>_reset_vector</name>
         <value>0xfffe</value>
         <object_component_ref idref="oc-5f6"/>
      </symbol>
      <symbol id="sm-648">
         <name>__mpu_init</name>
         <value>0x10000</value>
         <object_component_ref idref="oc-682"/>
      </symbol>
      <symbol id="sm-654">
         <name>_system_pre_init</name>
         <value>0x10058</value>
         <object_component_ref idref="oc-66a"/>
      </symbol>
      <symbol id="sm-660">
         <name>C$$EXIT</name>
         <value>0x10052</value>
         <object_component_ref idref="oc-699"/>
      </symbol>
      <symbol id="sm-661">
         <name>abort</name>
         <value>0x10052</value>
         <object_component_ref idref="oc-699"/>
      </symbol>
   </symbol_table>
   <title>Link successful</title>
</link_info>
